[0.553s] DEBUG:colcon:Command line arguments: ['/usr/bin/colcon', 'build', '--symlink-install', '--packages-select', 'lidar_robot']
[0.554s] DEBUG:colcon:Parsed command line arguments: Namespace(log_base=None, log_level=None, verb_name='build', build_base='build', install_base='install', merge_install=False, symlink_install=True, test_result_base=None, continue_on_error=False, executor='parallel', parallel_workers=12, event_handlers=None, ignore_user_meta=False, metas=['./colcon.meta'], base_paths=['.'], packages_ignore=None, packages_ignore_regex=None, paths=None, packages_up_to=None, packages_up_to_regex=None, packages_above=None, packages_above_and_dependencies=None, packages_above_depth=None, packages_select_by_dep=None, packages_skip_by_dep=None, packages_skip_up_to=None, packages_select_build_failed=False, packages_skip_build_finished=False, packages_select_test_failures=False, packages_skip_test_passed=False, packages_select=['lidar_robot'], packages_skip=None, packages_select_regex=None, packages_skip_regex=None, packages_start=None, packages_end=None, allow_overriding=[], cmake_args=None, cmake_target=None, cmake_target_skip_unavailable=False, cmake_clean_cache=False, cmake_clean_first=False, cmake_force_configure=False, ament_cmake_args=None, catkin_cmake_args=None, catkin_skip_building_tests=False, verb_parser=<colcon_defaults.argument_parser.defaults.DefaultArgumentsDecorator object at 0x70379c049450>, verb_extension=<colcon_core.verb.build.BuildVerb object at 0x70379c156b30>, main=<bound method BuildVerb.main of <colcon_core.verb.build.BuildVerb object at 0x70379c156b30>>)
[1.100s] Level 1:colcon.colcon_core.package_discovery:discover_packages(colcon_meta) check parameters
[1.101s] Level 1:colcon.colcon_core.package_discovery:discover_packages(recursive) check parameters
[1.101s] Level 1:colcon.colcon_core.package_discovery:discover_packages(ignore) check parameters
[1.101s] Level 1:colcon.colcon_core.package_discovery:discover_packages(path) check parameters
[1.101s] Level 1:colcon.colcon_core.package_discovery:discover_packages(colcon_meta) discover
[1.101s] Level 1:colcon.colcon_core.package_discovery:discover_packages(recursive) discover
[1.101s] INFO:colcon.colcon_core.package_discovery:Crawling recursively for packages in '/home/gurshh/lidar_ws/src'
[1.102s] Level 1:colcon.colcon_core.package_identification:_identify(.) by extensions ['ignore', 'ignore_ament_install']
[1.102s] Level 1:colcon.colcon_core.package_identification:_identify(.) by extension 'ignore'
[1.102s] Level 1:colcon.colcon_core.package_identification:_identify(.) by extension 'ignore_ament_install'
[1.102s] Level 1:colcon.colcon_core.package_identification:_identify(.) by extensions ['colcon_pkg']
[1.102s] Level 1:colcon.colcon_core.package_identification:_identify(.) by extension 'colcon_pkg'
[1.102s] Level 1:colcon.colcon_core.package_identification:_identify(.) by extensions ['colcon_meta']
[1.102s] Level 1:colcon.colcon_core.package_identification:_identify(.) by extension 'colcon_meta'
[1.102s] Level 1:colcon.colcon_core.package_identification:_identify(.) by extensions ['ros']
[1.102s] Level 1:colcon.colcon_core.package_identification:_identify(.) by extension 'ros'
[1.129s] Level 1:colcon.colcon_core.package_identification:_identify(.) by extensions ['cmake', 'python']
[1.129s] Level 1:colcon.colcon_core.package_identification:_identify(.) by extension 'cmake'
[1.129s] Level 1:colcon.colcon_core.package_identification:_identify(.) by extension 'python'
[1.130s] Level 1:colcon.colcon_core.package_identification:_identify(.) by extensions ['python_setup_py']
[1.130s] Level 1:colcon.colcon_core.package_identification:_identify(.) by extension 'python_setup_py'
[1.130s] Level 1:colcon.colcon_core.package_identification:_identify(build) by extensions ['ignore', 'ignore_ament_install']
[1.130s] Level 1:colcon.colcon_core.package_identification:_identify(build) by extension 'ignore'
[1.130s] Level 1:colcon.colcon_core.package_identification:_identify(build) ignored
[1.130s] Level 1:colcon.colcon_core.package_identification:_identify(install) by extensions ['ignore', 'ignore_ament_install']
[1.131s] Level 1:colcon.colcon_core.package_identification:_identify(install) by extension 'ignore'
[1.131s] Level 1:colcon.colcon_core.package_identification:_identify(install) ignored
[1.131s] Level 1:colcon.colcon_core.package_identification:_identify(lidar_robot) by extensions ['ignore', 'ignore_ament_install']
[1.131s] Level 1:colcon.colcon_core.package_identification:_identify(lidar_robot) by extension 'ignore'
[1.131s] Level 1:colcon.colcon_core.package_identification:_identify(lidar_robot) by extension 'ignore_ament_install'
[1.131s] Level 1:colcon.colcon_core.package_identification:_identify(lidar_robot) by extensions ['colcon_pkg']
[1.131s] Level 1:colcon.colcon_core.package_identification:_identify(lidar_robot) by extension 'colcon_pkg'
[1.131s] Level 1:colcon.colcon_core.package_identification:_identify(lidar_robot) by extensions ['colcon_meta']
[1.131s] Level 1:colcon.colcon_core.package_identification:_identify(lidar_robot) by extension 'colcon_meta'
[1.132s] Level 1:colcon.colcon_core.package_identification:_identify(lidar_robot) by extensions ['ros']
[1.132s] Level 1:colcon.colcon_core.package_identification:_identify(lidar_robot) by extension 'ros'
[1.140s] DEBUG:colcon.colcon_core.package_identification:Package 'lidar_robot' with type 'ros.ament_python' and name 'lidar_robot'
[1.140s] Level 1:colcon.colcon_core.package_identification:_identify(log) by extensions ['ignore', 'ignore_ament_install']
[1.140s] Level 1:colcon.colcon_core.package_identification:_identify(log) by extension 'ignore'
[1.140s] Level 1:colcon.colcon_core.package_identification:_identify(log) ignored
[1.140s] Level 1:colcon.colcon_core.package_discovery:discover_packages(recursive) using defaults
[1.141s] Level 1:colcon.colcon_core.package_discovery:discover_packages(ignore) discover
[1.141s] Level 1:colcon.colcon_core.package_discovery:discover_packages(ignore) using defaults
[1.141s] Level 1:colcon.colcon_core.package_discovery:discover_packages(path) discover
[1.141s] Level 1:colcon.colcon_core.package_discovery:discover_packages(path) using defaults
[1.186s] Level 1:colcon.colcon_core.package_discovery:discover_packages(prefix_path) check parameters
[1.186s] Level 1:colcon.colcon_core.package_discovery:discover_packages(prefix_path) discover
[1.191s] DEBUG:colcon.colcon_installed_package_information.package_discovery:Found 446 installed packages in /opt/ros/humble
[1.193s] Level 1:colcon.colcon_core.package_discovery:discover_packages(prefix_path) using defaults
[1.269s] Level 5:colcon.colcon_core.verb:set package 'lidar_robot' build argument 'cmake_args' from command line to 'None'
[1.269s] Level 5:colcon.colcon_core.verb:set package 'lidar_robot' build argument 'cmake_target' from command line to 'None'
[1.269s] Level 5:colcon.colcon_core.verb:set package 'lidar_robot' build argument 'cmake_target_skip_unavailable' from command line to 'False'
[1.269s] Level 5:colcon.colcon_core.verb:set package 'lidar_robot' build argument 'cmake_clean_cache' from command line to 'False'
[1.269s] Level 5:colcon.colcon_core.verb:set package 'lidar_robot' build argument 'cmake_clean_first' from command line to 'False'
[1.269s] Level 5:colcon.colcon_core.verb:set package 'lidar_robot' build argument 'cmake_force_configure' from command line to 'False'
[1.269s] Level 5:colcon.colcon_core.verb:set package 'lidar_robot' build argument 'ament_cmake_args' from command line to 'None'
[1.270s] Level 5:colcon.colcon_core.verb:set package 'lidar_robot' build argument 'catkin_cmake_args' from command line to 'None'
[1.270s] Level 5:colcon.colcon_core.verb:set package 'lidar_robot' build argument 'catkin_skip_building_tests' from command line to 'False'
[1.270s] DEBUG:colcon.colcon_core.verb:Building package 'lidar_robot' with the following arguments: {'ament_cmake_args': None, 'build_base': '/home/gurshh/lidar_ws/src/build/lidar_robot', 'catkin_cmake_args': None, 'catkin_skip_building_tests': False, 'cmake_args': None, 'cmake_clean_cache': False, 'cmake_clean_first': False, 'cmake_force_configure': False, 'cmake_target': None, 'cmake_target_skip_unavailable': False, 'install_base': '/home/gurshh/lidar_ws/src/install/lidar_robot', 'merge_install': False, 'path': '/home/gurshh/lidar_ws/src/lidar_robot', 'symlink_install': True, 'test_result_base': None}
[1.270s] INFO:colcon.colcon_core.executor:Executing jobs using 'parallel' executor
[1.271s] DEBUG:colcon.colcon_parallel_executor.executor.parallel:run_until_complete
[1.272s] INFO:colcon.colcon_ros.task.ament_python.build:Building ROS package in '/home/gurshh/lidar_ws/src/lidar_robot' with build type 'ament_python'
[1.272s] Level 1:colcon.colcon_core.shell:create_environment_hook('lidar_robot', 'ament_prefix_path')
[1.280s] INFO:colcon.colcon_core.plugin_system:Skipping extension 'colcon_core.shell.bat': Not used on non-Windows systems
[1.280s] INFO:colcon.colcon_core.shell:Creating environment hook '/home/gurshh/lidar_ws/src/install/lidar_robot/share/lidar_robot/hook/ament_prefix_path.ps1'
[1.286s] INFO:colcon.colcon_core.shell:Creating environment descriptor '/home/gurshh/lidar_ws/src/install/lidar_robot/share/lidar_robot/hook/ament_prefix_path.dsv'
[1.287s] INFO:colcon.colcon_core.shell:Creating environment hook '/home/gurshh/lidar_ws/src/install/lidar_robot/share/lidar_robot/hook/ament_prefix_path.sh'
[1.289s] INFO:colcon.colcon_core.shell:Skip shell extension 'powershell' for command environment: Not usable outside of PowerShell
[1.289s] DEBUG:colcon.colcon_core.shell:Skip shell extension 'dsv' for command environment
[1.685s] INFO:colcon.colcon_core.task.python.build:Building Python package in '/home/gurshh/lidar_ws/src/lidar_robot'
[1.685s] INFO:colcon.colcon_core.shell:Skip shell extension 'powershell' for command environment: Not usable outside of PowerShell
[1.685s] DEBUG:colcon.colcon_core.shell:Skip shell extension 'dsv' for command environment
[2.766s] DEBUG:colcon.colcon_core.task.python.build:Available setuptools commands: register, develop, alias, build_scripts, compile_catalog, build_py, bdist_dumb, init_catalog, build, bdist_egg, install_lib, symlink_data, bdist_wheel, extract_messages, editable_wheel, upload, setopt, sdist, build_clib, build_ext, install_data, test, clean, install_headers, dist_info, install_egg_info, rotate, egg_info, upload_docs, check, bdist, saveopts, install, install_scripts, easy_install, bdist_rpm, update_catalog
[3.247s] DEBUG:colcon.colcon_core.task.python.build:Available setuptools 'develop' options: --dry-run, --egg-path, --build-directory, --user, --help, --prefix, --optimize, --version, --no-find-links, --no-deps, --find-links, --multi-version, --always-unzip, --record, --exclude-scripts, --zip-ok, --index-url, --always-copy, --script-dir, --site-dirs, --editable, --no-user-cfg, --allow-hosts, --uninstall, --verbose, --local-snapshots-ok, --quiet, --upgrade, --install-dir
[3.256s] DEBUG:colcon.colcon_core.event_handler.log_command:Invoking command in '/home/gurshh/lidar_ws/src/build/lidar_robot': PYTHONPATH=/home/gurshh/lidar_ws/src/build/lidar_robot/prefix_override:/usr/lib/python3/dist-packages/colcon_core/task/python/colcon_distutils_commands:/home/gurshh/lidar_ws/src/install/lidar_robot/lib/python3.10/site-packages:${PYTHONPATH} /usr/bin/python3 -W ignore:setup.py install is deprecated -W ignore:easy_install command is deprecated setup.py develop --editable --build-directory /home/gurshh/lidar_ws/src/build/lidar_robot/build --no-deps symlink_data
[4.222s] Level 1:colcon.colcon_core.shell:create_environment_hook('lidar_robot', 'pythonpath_develop')
[4.222s] INFO:colcon.colcon_core.shell:Creating environment hook '/home/gurshh/lidar_ws/src/build/lidar_robot/share/lidar_robot/hook/pythonpath_develop.ps1'
[4.223s] DEBUG:colcon.colcon_core.event_handler.log_command:Invoked command in '/home/gurshh/lidar_ws/src/build/lidar_robot' returned '0': PYTHONPATH=/home/gurshh/lidar_ws/src/build/lidar_robot/prefix_override:/usr/lib/python3/dist-packages/colcon_core/task/python/colcon_distutils_commands:/home/gurshh/lidar_ws/src/install/lidar_robot/lib/python3.10/site-packages:${PYTHONPATH} /usr/bin/python3 -W ignore:setup.py install is deprecated -W ignore:easy_install command is deprecated setup.py develop --editable --build-directory /home/gurshh/lidar_ws/src/build/lidar_robot/build --no-deps symlink_data
[4.225s] INFO:colcon.colcon_core.shell:Creating environment descriptor '/home/gurshh/lidar_ws/src/build/lidar_robot/share/lidar_robot/hook/pythonpath_develop.dsv'
[4.226s] INFO:colcon.colcon_core.shell:Creating environment hook '/home/gurshh/lidar_ws/src/build/lidar_robot/share/lidar_robot/hook/pythonpath_develop.sh'
[4.235s] Level 1:colcon.colcon_core.environment:checking '/home/gurshh/lidar_ws/src/install/lidar_robot' for CMake module files
[4.235s] Level 1:colcon.colcon_core.environment:checking '/home/gurshh/lidar_ws/src/install/lidar_robot' for CMake config files
[4.236s] Level 1:colcon.colcon_core.environment:checking '/home/gurshh/lidar_ws/src/install/lidar_robot/lib'
[4.236s] Level 1:colcon.colcon_core.environment:checking '/home/gurshh/lidar_ws/src/install/lidar_robot/bin'
[4.236s] Level 1:colcon.colcon_core.environment:checking '/home/gurshh/lidar_ws/src/install/lidar_robot/lib/pkgconfig/lidar_robot.pc'
[4.236s] Level 1:colcon.colcon_core.environment:checking '/home/gurshh/lidar_ws/src/install/lidar_robot/lib/python3.10/site-packages'
[4.237s] Level 1:colcon.colcon_core.shell:create_environment_hook('lidar_robot', 'pythonpath')
[4.237s] INFO:colcon.colcon_core.shell:Creating environment hook '/home/gurshh/lidar_ws/src/install/lidar_robot/share/lidar_robot/hook/pythonpath.ps1'
[4.237s] INFO:colcon.colcon_core.shell:Creating environment descriptor '/home/gurshh/lidar_ws/src/install/lidar_robot/share/lidar_robot/hook/pythonpath.dsv'
[4.238s] INFO:colcon.colcon_core.shell:Creating environment hook '/home/gurshh/lidar_ws/src/install/lidar_robot/share/lidar_robot/hook/pythonpath.sh'
[4.238s] Level 1:colcon.colcon_core.environment:checking '/home/gurshh/lidar_ws/src/install/lidar_robot/bin'
[4.238s] Level 1:colcon.colcon_core.environment:create_environment_scripts_only(lidar_robot)
[4.239s] INFO:colcon.colcon_core.shell:Creating package script '/home/gurshh/lidar_ws/src/install/lidar_robot/share/lidar_robot/package.ps1'
[4.240s] INFO:colcon.colcon_core.shell:Creating package descriptor '/home/gurshh/lidar_ws/src/install/lidar_robot/share/lidar_robot/package.dsv'
[4.241s] INFO:colcon.colcon_core.shell:Creating package script '/home/gurshh/lidar_ws/src/install/lidar_robot/share/lidar_robot/package.sh'
[4.242s] INFO:colcon.colcon_core.shell:Creating package script '/home/gurshh/lidar_ws/src/install/lidar_robot/share/lidar_robot/package.bash'
[4.244s] INFO:colcon.colcon_core.shell:Creating package script '/home/gurshh/lidar_ws/src/install/lidar_robot/share/lidar_robot/package.zsh'
[4.246s] Level 1:colcon.colcon_core.environment:create_file_with_runtime_dependencies(/home/gurshh/lidar_ws/src/install/lidar_robot/share/colcon-core/packages/lidar_robot)
[4.247s] DEBUG:colcon.colcon_parallel_executor.executor.parallel:closing loop
[4.248s] DEBUG:colcon.colcon_parallel_executor.executor.parallel:loop closed
[4.248s] DEBUG:colcon.colcon_parallel_executor.executor.parallel:run_until_complete finished with '0'
[4.248s] DEBUG:colcon.colcon_core.event_reactor:joining thread
[4.264s] INFO:colcon.colcon_core.plugin_system:Skipping extension 'colcon_notification.desktop_notification.terminal_notifier': Not used on non-Darwin systems
[4.265s] INFO:colcon.colcon_core.plugin_system:Skipping extension 'colcon_notification.desktop_notification.win32': Not used on non-Windows systems
[4.265s] INFO:colcon.colcon_notification.desktop_notification:Sending desktop notification using 'notify2'
[4.267s] DEBUG:colcon.colcon_notification.desktop_notification.notify2:Failed to initialize notify2: org.freedesktop.DBus.Error.FileNotFound: Failed to connect to socket /run/user/1000/bus: No such file or directory
[4.267s] DEBUG:colcon.colcon_core.event_reactor:joined thread
[4.267s] INFO:colcon.colcon_core.shell:Creating prefix script '/home/gurshh/lidar_ws/src/install/local_setup.ps1'
[4.269s] INFO:colcon.colcon_core.shell:Creating prefix util module '/home/gurshh/lidar_ws/src/install/_local_setup_util_ps1.py'
[4.271s] INFO:colcon.colcon_core.shell:Creating prefix chain script '/home/gurshh/lidar_ws/src/install/setup.ps1'
[4.273s] INFO:colcon.colcon_core.shell:Creating prefix script '/home/gurshh/lidar_ws/src/install/local_setup.sh'
[4.274s] INFO:colcon.colcon_core.shell:Creating prefix util module '/home/gurshh/lidar_ws/src/install/_local_setup_util_sh.py'
[4.274s] INFO:colcon.colcon_core.shell:Creating prefix chain script '/home/gurshh/lidar_ws/src/install/setup.sh'
[4.275s] INFO:colcon.colcon_core.shell:Creating prefix script '/home/gurshh/lidar_ws/src/install/local_setup.bash'
[4.276s] INFO:colcon.colcon_core.shell:Creating prefix chain script '/home/gurshh/lidar_ws/src/install/setup.bash'
[4.277s] INFO:colcon.colcon_core.shell:Creating prefix script '/home/gurshh/lidar_ws/src/install/local_setup.zsh'
[4.278s] INFO:colcon.colcon_core.shell:Creating prefix chain script '/home/gurshh/lidar_ws/src/install/setup.zsh'
