[0.299s] DEBUG:colcon:Command line arguments: ['/usr/bin/colcon', 'build', '--symlink-install']
[0.299s] DEBUG:colcon:Parsed command line arguments: Namespace(log_base=None, log_level=None, verb_name='build', build_base='build', install_base='install', merge_install=False, symlink_install=True, test_result_base=None, continue_on_error=False, executor='parallel', parallel_workers=12, event_handlers=None, ignore_user_meta=False, metas=['./colcon.meta'], base_paths=['.'], packages_ignore=None, packages_ignore_regex=None, paths=None, packages_up_to=None, packages_up_to_regex=None, packages_above=None, packages_above_and_dependencies=None, packages_above_depth=None, packages_select_by_dep=None, packages_skip_by_dep=None, packages_skip_up_to=None, packages_select_build_failed=False, packages_skip_build_finished=False, packages_select_test_failures=False, packages_skip_test_passed=False, packages_select=None, packages_skip=None, packages_select_regex=None, packages_skip_regex=None, packages_start=None, packages_end=None, allow_overriding=[], cmake_args=None, cmake_target=None, cmake_target_skip_unavailable=False, cmake_clean_cache=False, cmake_clean_first=False, cmake_force_configure=False, ament_cmake_args=None, catkin_cmake_args=None, catkin_skip_building_tests=False, verb_parser=<colcon_defaults.argument_parser.defaults.DefaultArgumentsDecorator object at 0x71ba3fe506d0>, verb_extension=<colcon_core.verb.build.BuildVerb object at 0x71ba3ff61de0>, main=<bound method BuildVerb.main of <colcon_core.verb.build.BuildVerb object at 0x71ba3ff61de0>>)
[0.602s] Level 1:colcon.colcon_core.package_discovery:discover_packages(colcon_meta) check parameters
[0.603s] Level 1:colcon.colcon_core.package_discovery:discover_packages(recursive) check parameters
[0.603s] Level 1:colcon.colcon_core.package_discovery:discover_packages(ignore) check parameters
[0.603s] Level 1:colcon.colcon_core.package_discovery:discover_packages(path) check parameters
[0.603s] Level 1:colcon.colcon_core.package_discovery:discover_packages(colcon_meta) discover
[0.603s] Level 1:colcon.colcon_core.package_discovery:discover_packages(recursive) discover
[0.603s] INFO:colcon.colcon_core.package_discovery:Crawling recursively for packages in '/home/gurshh/lidar_ws/src'
[0.603s] Level 1:colcon.colcon_core.package_identification:_identify(.) by extensions ['ignore', 'ignore_ament_install']
[0.604s] Level 1:colcon.colcon_core.package_identification:_identify(.) by extension 'ignore'
[0.604s] Level 1:colcon.colcon_core.package_identification:_identify(.) by extension 'ignore_ament_install'
[0.604s] Level 1:colcon.colcon_core.package_identification:_identify(.) by extensions ['colcon_pkg']
[0.604s] Level 1:colcon.colcon_core.package_identification:_identify(.) by extension 'colcon_pkg'
[0.604s] Level 1:colcon.colcon_core.package_identification:_identify(.) by extensions ['colcon_meta']
[0.604s] Level 1:colcon.colcon_core.package_identification:_identify(.) by extension 'colcon_meta'
[0.604s] Level 1:colcon.colcon_core.package_identification:_identify(.) by extensions ['ros']
[0.604s] Level 1:colcon.colcon_core.package_identification:_identify(.) by extension 'ros'
[0.619s] Level 1:colcon.colcon_core.package_identification:_identify(.) by extensions ['cmake', 'python']
[0.619s] Level 1:colcon.colcon_core.package_identification:_identify(.) by extension 'cmake'
[0.619s] Level 1:colcon.colcon_core.package_identification:_identify(.) by extension 'python'
[0.619s] Level 1:colcon.colcon_core.package_identification:_identify(.) by extensions ['python_setup_py']
[0.619s] Level 1:colcon.colcon_core.package_identification:_identify(.) by extension 'python_setup_py'
[0.619s] Level 1:colcon.colcon_core.package_identification:_identify(build) by extensions ['ignore', 'ignore_ament_install']
[0.619s] Level 1:colcon.colcon_core.package_identification:_identify(build) by extension 'ignore'
[0.620s] Level 1:colcon.colcon_core.package_identification:_identify(build) ignored
[0.620s] Level 1:colcon.colcon_core.package_identification:_identify(install) by extensions ['ignore', 'ignore_ament_install']
[0.620s] Level 1:colcon.colcon_core.package_identification:_identify(install) by extension 'ignore'
[0.620s] Level 1:colcon.colcon_core.package_identification:_identify(install) ignored
[0.621s] Level 1:colcon.colcon_core.package_identification:_identify(lidar_robot) by extensions ['ignore', 'ignore_ament_install']
[0.621s] Level 1:colcon.colcon_core.package_identification:_identify(lidar_robot) by extension 'ignore'
[0.621s] Level 1:colcon.colcon_core.package_identification:_identify(lidar_robot) by extension 'ignore_ament_install'
[0.621s] Level 1:colcon.colcon_core.package_identification:_identify(lidar_robot) by extensions ['colcon_pkg']
[0.621s] Level 1:colcon.colcon_core.package_identification:_identify(lidar_robot) by extension 'colcon_pkg'
[0.621s] Level 1:colcon.colcon_core.package_identification:_identify(lidar_robot) by extensions ['colcon_meta']
[0.621s] Level 1:colcon.colcon_core.package_identification:_identify(lidar_robot) by extension 'colcon_meta'
[0.621s] Level 1:colcon.colcon_core.package_identification:_identify(lidar_robot) by extensions ['ros']
[0.621s] Level 1:colcon.colcon_core.package_identification:_identify(lidar_robot) by extension 'ros'
[0.626s] DEBUG:colcon.colcon_core.package_identification:Package 'lidar_robot' with type 'ros.ament_python' and name 'lidar_robot'
[0.626s] Level 1:colcon.colcon_core.package_identification:_identify(log) by extensions ['ignore', 'ignore_ament_install']
[0.626s] Level 1:colcon.colcon_core.package_identification:_identify(log) by extension 'ignore'
[0.626s] Level 1:colcon.colcon_core.package_identification:_identify(log) ignored
[0.626s] Level 1:colcon.colcon_core.package_discovery:discover_packages(recursive) using defaults
[0.626s] Level 1:colcon.colcon_core.package_discovery:discover_packages(ignore) discover
[0.626s] Level 1:colcon.colcon_core.package_discovery:discover_packages(ignore) using defaults
[0.626s] Level 1:colcon.colcon_core.package_discovery:discover_packages(path) discover
[0.626s] Level 1:colcon.colcon_core.package_discovery:discover_packages(path) using defaults
[0.673s] Level 1:colcon.colcon_core.package_discovery:discover_packages(prefix_path) check parameters
[0.673s] Level 1:colcon.colcon_core.package_discovery:discover_packages(prefix_path) discover
[0.677s] DEBUG:colcon.colcon_installed_package_information.package_discovery:Found 453 installed packages in /opt/ros/humble
[0.680s] Level 1:colcon.colcon_core.package_discovery:discover_packages(prefix_path) using defaults
[0.741s] Level 5:colcon.colcon_core.verb:set package 'lidar_robot' build argument 'cmake_args' from command line to 'None'
[0.741s] Level 5:colcon.colcon_core.verb:set package 'lidar_robot' build argument 'cmake_target' from command line to 'None'
[0.741s] Level 5:colcon.colcon_core.verb:set package 'lidar_robot' build argument 'cmake_target_skip_unavailable' from command line to 'False'
[0.741s] Level 5:colcon.colcon_core.verb:set package 'lidar_robot' build argument 'cmake_clean_cache' from command line to 'False'
[0.741s] Level 5:colcon.colcon_core.verb:set package 'lidar_robot' build argument 'cmake_clean_first' from command line to 'False'
[0.741s] Level 5:colcon.colcon_core.verb:set package 'lidar_robot' build argument 'cmake_force_configure' from command line to 'False'
[0.741s] Level 5:colcon.colcon_core.verb:set package 'lidar_robot' build argument 'ament_cmake_args' from command line to 'None'
[0.741s] Level 5:colcon.colcon_core.verb:set package 'lidar_robot' build argument 'catkin_cmake_args' from command line to 'None'
[0.741s] Level 5:colcon.colcon_core.verb:set package 'lidar_robot' build argument 'catkin_skip_building_tests' from command line to 'False'
[0.741s] DEBUG:colcon.colcon_core.verb:Building package 'lidar_robot' with the following arguments: {'ament_cmake_args': None, 'build_base': '/home/gurshh/lidar_ws/src/build/lidar_robot', 'catkin_cmake_args': None, 'catkin_skip_building_tests': False, 'cmake_args': None, 'cmake_clean_cache': False, 'cmake_clean_first': False, 'cmake_force_configure': False, 'cmake_target': None, 'cmake_target_skip_unavailable': False, 'install_base': '/home/gurshh/lidar_ws/src/install/lidar_robot', 'merge_install': False, 'path': '/home/gurshh/lidar_ws/src/lidar_robot', 'symlink_install': True, 'test_result_base': None}
[0.741s] INFO:colcon.colcon_core.executor:Executing jobs using 'parallel' executor
[0.742s] DEBUG:colcon.colcon_parallel_executor.executor.parallel:run_until_complete
[0.743s] INFO:colcon.colcon_ros.task.ament_python.build:Building ROS package in '/home/gurshh/lidar_ws/src/lidar_robot' with build type 'ament_python'
[0.744s] Level 1:colcon.colcon_core.shell:create_environment_hook('lidar_robot', 'ament_prefix_path')
[0.748s] INFO:colcon.colcon_core.plugin_system:Skipping extension 'colcon_core.shell.bat': Not used on non-Windows systems
[0.748s] INFO:colcon.colcon_core.shell:Creating environment hook '/home/gurshh/lidar_ws/src/install/lidar_robot/share/lidar_robot/hook/ament_prefix_path.ps1'
[0.751s] INFO:colcon.colcon_core.shell:Creating environment descriptor '/home/gurshh/lidar_ws/src/install/lidar_robot/share/lidar_robot/hook/ament_prefix_path.dsv'
[0.752s] INFO:colcon.colcon_core.shell:Creating environment hook '/home/gurshh/lidar_ws/src/install/lidar_robot/share/lidar_robot/hook/ament_prefix_path.sh'
[0.753s] INFO:colcon.colcon_core.shell:Skip shell extension 'powershell' for command environment: Not usable outside of PowerShell
[0.753s] DEBUG:colcon.colcon_core.shell:Skip shell extension 'dsv' for command environment
[1.038s] INFO:colcon.colcon_core.task.python.build:Building Python package in '/home/gurshh/lidar_ws/src/lidar_robot'
[1.038s] INFO:colcon.colcon_core.shell:Skip shell extension 'powershell' for command environment: Not usable outside of PowerShell
[1.038s] DEBUG:colcon.colcon_core.shell:Skip shell extension 'dsv' for command environment
[1.548s] DEBUG:colcon.colcon_core.task.python.build:Available setuptools commands: bdist_egg, build_clib, init_catalog, egg_info, sdist, install_data, saveopts, bdist, install_lib, upload_docs, upload, easy_install, build_scripts, extract_messages, bdist_wheel, install_egg_info, build, setopt, install_scripts, check, dist_info, alias, clean, test, update_catalog, install_headers, symlink_data, build_ext, develop, compile_catalog, bdist_dumb, register, install, build_py, bdist_rpm, rotate
[1.834s] DEBUG:colcon.colcon_core.task.python.build:Available setuptools 'develop' options: --dry-run, --local-snapshots-ok, --quiet, --no-user-cfg, --zip-ok, --always-copy, --editable, --user, --uninstall, --verbose, --site-dirs, --egg-path, --always-unzip, --no-deps, --optimize, --record, --multi-version, --no-find-links, --install-dir, --version, --index-url, --exclude-scripts, --force-installation-into-system-dir, --upgrade, --allow-hosts, --script-dir, --prefix, --install-layout, --build-directory, --help, --find-links
[1.845s] DEBUG:colcon.colcon_core.event_handler.log_command:Invoking command in '/home/gurshh/lidar_ws/src/build/lidar_robot': PYTHONPATH=/home/gurshh/lidar_ws/src/build/lidar_robot/prefix_override:/usr/lib/python3/dist-packages/colcon_core/task/python/colcon_distutils_commands:/home/gurshh/lidar_ws/src/install/lidar_robot/lib/python3.10/site-packages:${PYTHONPATH} /usr/bin/python3 -W ignore:setup.py install is deprecated -W ignore:easy_install command is deprecated setup.py develop --editable --build-directory /home/gurshh/lidar_ws/src/build/lidar_robot/build --no-deps symlink_data
[2.312s] Level 1:colcon.colcon_core.shell:create_environment_hook('lidar_robot', 'pythonpath_develop')
[2.313s] INFO:colcon.colcon_core.shell:Creating environment hook '/home/gurshh/lidar_ws/src/build/lidar_robot/share/lidar_robot/hook/pythonpath_develop.ps1'
[2.314s] DEBUG:colcon.colcon_core.event_handler.log_command:Invoked command in '/home/gurshh/lidar_ws/src/build/lidar_robot' returned '0': PYTHONPATH=/home/gurshh/lidar_ws/src/build/lidar_robot/prefix_override:/usr/lib/python3/dist-packages/colcon_core/task/python/colcon_distutils_commands:/home/gurshh/lidar_ws/src/install/lidar_robot/lib/python3.10/site-packages:${PYTHONPATH} /usr/bin/python3 -W ignore:setup.py install is deprecated -W ignore:easy_install command is deprecated setup.py develop --editable --build-directory /home/gurshh/lidar_ws/src/build/lidar_robot/build --no-deps symlink_data
[2.316s] INFO:colcon.colcon_core.shell:Creating environment descriptor '/home/gurshh/lidar_ws/src/build/lidar_robot/share/lidar_robot/hook/pythonpath_develop.dsv'
[2.316s] INFO:colcon.colcon_core.shell:Creating environment hook '/home/gurshh/lidar_ws/src/build/lidar_robot/share/lidar_robot/hook/pythonpath_develop.sh'
[2.322s] Level 1:colcon.colcon_core.environment:checking '/home/gurshh/lidar_ws/src/install/lidar_robot' for CMake module files
[2.323s] Level 1:colcon.colcon_core.environment:checking '/home/gurshh/lidar_ws/src/install/lidar_robot' for CMake config files
[2.323s] Level 1:colcon.colcon_core.environment:checking '/home/gurshh/lidar_ws/src/install/lidar_robot/lib'
[2.324s] Level 1:colcon.colcon_core.environment:checking '/home/gurshh/lidar_ws/src/install/lidar_robot/bin'
[2.324s] Level 1:colcon.colcon_core.environment:checking '/home/gurshh/lidar_ws/src/install/lidar_robot/lib/pkgconfig/lidar_robot.pc'
[2.324s] Level 1:colcon.colcon_core.environment:checking '/home/gurshh/lidar_ws/src/install/lidar_robot/lib/python3.10/site-packages'
[2.324s] Level 1:colcon.colcon_core.shell:create_environment_hook('lidar_robot', 'pythonpath')
[2.324s] INFO:colcon.colcon_core.shell:Creating environment hook '/home/gurshh/lidar_ws/src/install/lidar_robot/share/lidar_robot/hook/pythonpath.ps1'
[2.325s] INFO:colcon.colcon_core.shell:Creating environment descriptor '/home/gurshh/lidar_ws/src/install/lidar_robot/share/lidar_robot/hook/pythonpath.dsv'
[2.325s] INFO:colcon.colcon_core.shell:Creating environment hook '/home/gurshh/lidar_ws/src/install/lidar_robot/share/lidar_robot/hook/pythonpath.sh'
[2.326s] Level 1:colcon.colcon_core.environment:checking '/home/gurshh/lidar_ws/src/install/lidar_robot/bin'
[2.326s] Level 1:colcon.colcon_core.environment:create_environment_scripts_only(lidar_robot)
[2.326s] INFO:colcon.colcon_core.shell:Creating package script '/home/gurshh/lidar_ws/src/install/lidar_robot/share/lidar_robot/package.ps1'
[2.328s] INFO:colcon.colcon_core.shell:Creating package descriptor '/home/gurshh/lidar_ws/src/install/lidar_robot/share/lidar_robot/package.dsv'
[2.328s] INFO:colcon.colcon_core.shell:Creating package script '/home/gurshh/lidar_ws/src/install/lidar_robot/share/lidar_robot/package.sh'
[2.329s] INFO:colcon.colcon_core.shell:Creating package script '/home/gurshh/lidar_ws/src/install/lidar_robot/share/lidar_robot/package.bash'
[2.330s] INFO:colcon.colcon_core.shell:Creating package script '/home/gurshh/lidar_ws/src/install/lidar_robot/share/lidar_robot/package.zsh'
[2.331s] Level 1:colcon.colcon_core.environment:create_file_with_runtime_dependencies(/home/gurshh/lidar_ws/src/install/lidar_robot/share/colcon-core/packages/lidar_robot)
[2.333s] DEBUG:colcon.colcon_parallel_executor.executor.parallel:closing loop
[2.333s] DEBUG:colcon.colcon_parallel_executor.executor.parallel:loop closed
[2.334s] DEBUG:colcon.colcon_parallel_executor.executor.parallel:run_until_complete finished with '0'
[2.334s] DEBUG:colcon.colcon_core.event_reactor:joining thread
[2.346s] INFO:colcon.colcon_core.plugin_system:Skipping extension 'colcon_notification.desktop_notification.terminal_notifier': Not used on non-Darwin systems
[2.346s] INFO:colcon.colcon_core.plugin_system:Skipping extension 'colcon_notification.desktop_notification.win32': Not used on non-Windows systems
[2.346s] INFO:colcon.colcon_notification.desktop_notification:Sending desktop notification using 'notify2'
[2.347s] DEBUG:colcon.colcon_notification.desktop_notification.notify2:Failed to initialize notify2: org.freedesktop.DBus.Error.FileNotFound: Failed to connect to socket /run/user/1000/bus: No such file or directory
[2.347s] DEBUG:colcon.colcon_core.event_reactor:joined thread
[2.347s] INFO:colcon.colcon_core.shell:Creating prefix script '/home/gurshh/lidar_ws/src/install/local_setup.ps1'
[2.349s] INFO:colcon.colcon_core.shell:Creating prefix util module '/home/gurshh/lidar_ws/src/install/_local_setup_util_ps1.py'
[2.351s] INFO:colcon.colcon_core.shell:Creating prefix chain script '/home/gurshh/lidar_ws/src/install/setup.ps1'
[2.352s] INFO:colcon.colcon_core.shell:Creating prefix script '/home/gurshh/lidar_ws/src/install/local_setup.sh'
[2.353s] INFO:colcon.colcon_core.shell:Creating prefix util module '/home/gurshh/lidar_ws/src/install/_local_setup_util_sh.py'
[2.354s] INFO:colcon.colcon_core.shell:Creating prefix chain script '/home/gurshh/lidar_ws/src/install/setup.sh'
[2.355s] INFO:colcon.colcon_core.shell:Creating prefix script '/home/gurshh/lidar_ws/src/install/local_setup.bash'
[2.355s] INFO:colcon.colcon_core.shell:Creating prefix chain script '/home/gurshh/lidar_ws/src/install/setup.bash'
[2.356s] INFO:colcon.colcon_core.shell:Creating prefix script '/home/gurshh/lidar_ws/src/install/local_setup.zsh'
[2.357s] INFO:colcon.colcon_core.shell:Creating prefix chain script '/home/gurshh/lidar_ws/src/install/setup.zsh'
